Microchip MPLAB XC8 Compiler V2.32

Linker command line:

-W-3 --edf=C:\Program Files\Microchip\xc8\v2.32\pic\dat\en_msgs.txt -cn \
  -h+dist/default/production\VFD_Clock.X.production.sym \
  --cmf=dist/default/production\VFD_Clock.X.production.cmf -z -Q18F27Q10 \
  -oC:\Users\Gentiana\AppData\Local\Temp\xcAsef8.4 --defsym=__MPLAB_BUILD=1 \
  -Mdist/default/production/VFD_Clock.X.production.map -E1 \
  -ver=XC8 Compiler --acfsm=1493 -ASTACK=0C5h-0E1Eh -pstack=STACK \
  -ACODE=00h-01FFFFh -ACONST=00h-01FFFFh -ASMALLCONST=0F00h-0FFFhx497 \
  -AMEDIUMCONST=0F00h-0FFFFh,010F00h-01FFFFh -ACOMRAM=01h-05Fh \
  -AABS1=00h-0E1Eh -ABIGRAM=01h-0E1Eh \
  -ARAM=060h-0FFh,0100h-01FFhx13,0E00h-0E1Eh -ABANK0=060h-0FFh \
  -ABANK1=0100h-01FFh -ABANK2=0200h-02FFh -ABANK3=0300h-03FFh \
  -ABANK4=0400h-04FFh -ABANK5=0500h-05FFh -ABANK6=0600h-06FFh \
  -ABANK7=0700h-07FFh -ABANK8=0800h-08FFh -ABANK9=0900h-09FFh \
  -ABANK10=0A00h-0AFFh -ABANK11=0B00h-0BFFh -ABANK12=0C00h-0CFFh \
  -ABANK13=0D00h-0DFFh -ABANK14=0E00h-0E1Eh \
  -ASFR=0E1Fh-0EFFh,0F00h-0F5Fh,0F60h-0FFFh -ACONFIG=0300000h-030000Bh \
  -AIDLOC=0200000h-02000FFh -AEEDATA=0310000h-03103FFh -peeprom_data=EEDATA \
  -preset_vec=00h,intcode=08h,intcodelo,powerup,init -pramtop=0F00h \
  -psmallconst=SMALLCONST -pmediumconst=MEDIUMCONST -pconst=CONST \
  -AFARRAM=00h-00h \
  -prdata=COMRAM,nvrram=COMRAM,nvbit=COMRAM,rbss=COMRAM,rbit=COMRAM \
  -pfarbss=FARRAM,fardata=FARRAM,nvFARRAM=FARRAM \
  -pintsave_regs=BIGRAM,bigbss=BIGRAM,bigdata=BIGRAM -pbss=RAM \
  -pidata=CODE,irdata=CODE,ibigdata=CODE,ifardata=CODE -prparam=COMRAM \
  C:\Users\Gentiana\AppData\Local\Temp\xcAsef8.o \
  dist/default/production\VFD_Clock.X.production.o 

Object code version is 3.11

Machine type is 18F27Q10



                Name                               Link     Load   Length Selector   Space Scale
C:\Users\Gentiana\AppData\Local\Temp\xcAsef8.o
                idloc                            200000   200000      100        0       5
                config                           300000   300000        C        0       4
                init                                 64       64        4        4       0
                reset_vec                             0        0        4        0       0
dist/default/production\VFD_Clock.X.production.o
                intcode                               8        8       5C        4       0
                idloc                            200000   200000      100        0       5
                config                           300000   300000        C        0       4
                temp                                 4E       4E        1        1       1
                smallconst                          F00      F00       54      780       0
                text27                             32AA     32AA       6A      7AA       0
                text26                             2F66     2F66       A4      7AA       0
                text25                             31AC     31AC       88      7AA       0
                text24                             27C4     27C4      1AA      7AA       0
                text23                             3444     3444       38      7AA       0
                text22                             3314     3314       52      7AA       0
                text21                             2434     2434      1D8      7AA       0
                text20                             296E     296E      176      7AA       0
                text19                             2AE4     2AE4      124      7AA       0
                text18                             34D2     34D2       16      7AA       0
                text16                             3234     3234       76      7AA       0
                text15                             3402     3402       42      7AA       0
                text14                             33B6     33B6       4C      7AA       0
                text13                             2D10     2D10      106      7AA       0
                text12                             347C     347C       34      7AA       0
                text11                             3122     3122       8A      7AA       0
                text10                             2EC0     2EC0       A6      7AA       0
                text9                              3098     3098       8A      7AA       0
                text8                               F54      F54      856      7AA       0
                text7                              17AA     17AA      4C2      7AA       0
                text6                              2098     2098      39C      7AA       0
                text5                              1C6C     1C6C      42C      7AA       0
                text4                              2C08     2C08      108      7AA       0
                text3                              260C     260C      1B8      7AA       0
                text2                              2E16     2E16       AA      7AA       0
                text1                              300A     300A       8E      7AA       0
                text0                              3366     3366       50      7AA       0
                cstackCOMRAM                          1        1       3D        1       1
                cstackBANK0                          60       60       5C       60       1
                bssBANK0                             BC       BC        9       60       1
                bssCOMRAM                            3E       3E       10        1       1
                cinit                              34B0     34B0       22      7AA       0

TOTAL           Name                               Link     Load   Length     Space
        CLASS   STACK          

        CLASS   CODE           
                intcode                               8        8       5C         0
                init                                 64       64        4         0
                reset_vec                             0        0        4         0
                text27                             32AA     32AA       6A         0
                text26                             2F66     2F66       A4         0
                text25                             31AC     31AC       88         0
                text24                             27C4     27C4      1AA         0
                text23                             3444     3444       38         0
                text22                             3314     3314       52         0
                text21                             2434     2434      1D8         0
                text20                             296E     296E      176         0
                text19                             2AE4     2AE4      124         0
                text18                             34D2     34D2       16         0
                text16                             3234     3234       76         0
                text15                             3402     3402       42         0
                text14                             33B6     33B6       4C         0
                text13                             2D10     2D10      106         0
                text12                             347C     347C       34         0
                text11                             3122     3122       8A         0
                text10                             2EC0     2EC0       A6         0
                text9                              3098     3098       8A         0
                text8                               F54      F54      856         0
                text7                              17AA     17AA      4C2         0
                text6                              2098     2098      39C         0
                text5                              1C6C     1C6C      42C         0
                text4                              2C08     2C08      108         0
                text3                              260C     260C      1B8         0
                text2                              2E16     2E16       AA         0
                text1                              300A     300A       8E         0
                text0                              3366     3366       50         0
                cinit                              34B0     34B0       22         0

        CLASS   CONST          

        CLASS   SMALLCONST     
                smallconst                          F00      F00       54         0

        CLASS   MEDIUMCONST    

        CLASS   COMRAM         
                temp                                 4E       4E        1         1
                cstackCOMRAM                          1        1       3D         1
                bssCOMRAM                            3E       3E       10         1

        CLASS   ABS1           

        CLASS   BIGRAM         

        CLASS   RAM            

        CLASS   BANK0          
                cstackBANK0                          60       60       5C         1
                bssBANK0                             BC       BC        9         1

        CLASS   BANK1          

        CLASS   BANK2          

        CLASS   BANK3          

        CLASS   BANK4          

        CLASS   BANK5          

        CLASS   BANK6          

        CLASS   BANK7          

        CLASS   BANK8          

        CLASS   BANK9          

        CLASS   BANK10         

        CLASS   BANK11         

        CLASS   BANK12         

        CLASS   BANK13         

        CLASS   BANK14         

        CLASS   SFR            

        CLASS   CONFIG         
                config                           300000   300000        C         4

        CLASS   IDLOC          
                idloc                            200000   200000      100         5

        CLASS   EEDATA         

        CLASS   FARRAM         



SEGMENTS        Name                           Load    Length   Top    Selector   Space  Class

                reset_vec                      000000  000004  000004         0       0  CODE    
                cstackCOMRAM                   000001  00004E  00004F         1       1  COMRAM  
                intcode                        000008  000060  000068         4       0  CODE    
                cstackBANK0                    000060  000065  0000C5        60       1  BANK0   
                smallconst                     000F00  000054  000F54       780       0  SMALLCON
                text8                          000F54  002594  0034E8       7AA       0  CODE    


UNUSED ADDRESS RANGES

        Name                Unused          Largest block    Delta
        BANK0            0000C5-0000FF               3B
        BANK1            000100-0001FF              100
        BANK10           000A00-000AFF              100
        BANK11           000B00-000BFF              100
        BANK12           000C00-000CFF              100
        BANK13           000D00-000DFF              100
        BANK14           000E00-000E1E               1F
        BANK2            000200-0002FF              100
        BANK3            000300-0003FF              100
        BANK4            000400-0004FF              100
        BANK5            000500-0005FF              100
        BANK6            000600-0006FF              100
        BANK7            000700-0007FF              100
        BANK8            000800-0008FF              100
        BANK9            000900-0009FF              100
        BIGRAM           00004F-00005F               11
                         0000C5-000E1E              D5A
        CODE             000004-000007                4
                         000068-000EFF              E98
                         0034E8-01FFFF            1CB18
        COMRAM           00004F-00005F               11
        CONST            000004-000007                4
                         000068-000EFF              E98
                         0034E8-01FFFF            1CB18
        EEDATA           310000-3103FF              400
        MEDIUMCONST      0034E8-00FFFF             CB18
                         010F00-01FFFF             F100
        RAM              0000C5-000E1E              100
        SFR              000E1F-000FFF               E1
        SMALLCONST       0034E8-01FFFF              100
        STACK            0000C5-000E1E              D5A

                                  Symbol Table

?_Convert_data                  cstackCOMRAM 000021
?___fladd                       cstackBANK0  0000A0
?___fldiv                       cstackBANK0  000087
?___flmul                       cstackBANK0  00006E
?___fltol                       cstackBANK0  0000B0
?___lldiv                       cstackBANK0  000060
?___llmod                       cstackBANK0  00006D
?___lmul                        cstackCOMRAM 000001
?___xxtofl                      cstackBANK0  000060
?_atol                          cstackCOMRAM 00000D
?_isdigit                       cstackCOMRAM 000001
?_isspace                       cstackCOMRAM 000001
?i2___lldiv                     cstackCOMRAM 000001
?i2___llmod                     cstackCOMRAM 00000E
Bit_Write@data                  cstackBANK0  000067
Bit_Write@num                   cstackBANK0  000066
Bit_Write@ptr                   cstackBANK0  000064
Check_Seg@data                  smallconst   000F01
Check_Seg@num                   cstackBANK0  000063
Check_Seg@pos                   cstackBANK0  000060
Convert_data@data               cstackCOMRAM 000021
Convert_data@hour               cstackCOMRAM 000035
Convert_data@min                cstackCOMRAM 00002D
Convert_data@sec                cstackCOMRAM 000031
Duty_Controll@cnt               bssBANK0     0000C2
MAX6922_Write@data              cstackBANK0  000060
MAX6922_Write@i                 cstackBANK0  000070
RTC_Read@cnt                    bssCOMRAM    000040
RTC_Read@data                   cstackCOMRAM 00003B
RTC_Read@str                    bssCOMRAM    000044
Set_PWM_Duty@ch                 cstackBANK0  000064
Set_PWM_Duty@duty               cstackBANK0  000060
T0_int2@cnt                     bssCOMRAM    00003E
T0_int2@flag                    bssCOMRAM    000042
T0_int@cnt                      bssBANK0     0000C0
T0_int@flag                     bssBANK0     0000C4
T0_int@val                      cstackBANK0  000060
UART_Init@baud                  cstackBANK0  0000BA
VFD_Write@buff                  cstackBANK0  00007D
VFD_Write@data                  cstackBANK0  000079
VFD_Write@temp                  cstackBANK0  000083
_ANSELA                         (abs)        000F0C
_ANSELB                         (abs)        000F14
_ANSELC                         (abs)        000F1C
_Bit_Write                      text13       002D10
_CCPTMRSbits                    (abs)        000FAD
_Check_Seg                      text12       00347C
_Convert_data                   text24       0027C4
_Duty_Controll                  text15       003402
_INTCONbits                     (abs)        000FF2
_LATC5                          (abs)        007C25
_LATC6                          (abs)        007C26
_LATC7                          (abs)        007C27
_MAX6922_Write                  text11       003122
_OSCCON1                        (abs)        000ED3
_OSCFRQ                         (abs)        000ED9
_PEIE                           (abs)        007F96
_PPSLOCK                        (abs)        000E9B
_PWM3CON                        (abs)        000FA4
_PWM3DCH                        (abs)        000FA3
_PWM3DCL                        (abs)        000FA2
_PWM4DCH                        (abs)        000FA0
_PWM4DCL                        (abs)        000F9F
_RB3                            (abs)        007C6B
_RC1STAbits                     (abs)        000F9C
_RC3PPS                         (abs)        000EF5
_RCIE                           (abs)        007605
_RCIF                           (abs)        007645
_RCREG                          (abs)        000F98
_RCSTA                          (abs)        000F9C
_RTC_Read                       text19       002AE4
_RX1PPS                         (abs)        000EB0
_SPBRG                          (abs)        000F9A
_Set_PWM_Duty                   text16       003234
_T0CON0                         (abs)        000FD4
_T0CON1                         (abs)        000FD5
_T0_int                         text14       0033B6
_T2CLKCON                       (abs)        000FBE
_T2CON                          (abs)        000FBC
_T2PR                           (abs)        000FBB
_TMR0H                          (abs)        000FD3
_TMR0IE                         (abs)        0075ED
_TMR0IF                         (abs)        00762D
_TMR0L                          (abs)        000FD2
_TRISA                          (abs)        000F87
_TRISB                          (abs)        000F88
_TRISC                          (abs)        000F89
_TX1STAbits                     (abs)        000F9D
_TXREG                          (abs)        000F99
_TXSTA                          (abs)        000F9D
_UART_Init                      text2        002E16
_UART_Read                      text18       0034D2
_VFD_Write                      text8        000F54
__HRAM                          (abs)        000000
__Habs1                         abs1         000000
__Hbank0                        bank0        000000
__Hbank1                        bank1        000000
__Hbank10                       bank10       000000
__Hbank11                       bank11       000000
__Hbank12                       bank12       000000
__Hbank13                       bank13       000000
__Hbank14                       bank14       000000
__Hbank2                        bank2        000000
__Hbank3                        bank3        000000
__Hbank4                        bank4        000000
__Hbank5                        bank5        000000
__Hbank6                        bank6        000000
__Hbank7                        bank7        000000
__Hbank8                        bank8        000000
__Hbank9                        bank9        000000
__Hbigbss                       bigbss       000000
__Hbigdata                      bigdata      000000
__Hbigram                       bigram       000000
__Hbss                          bss          000000
__HbssBANK0                     bssBANK0     000000
__HbssCOMRAM                    bssCOMRAM    000000
__Hcinit                        cinit        000000
__Hclrtext                      clrtext      000000
__Hcomram                       comram       000000
__Hconfig                       config       30000C
__Hconst                        const        000000
__HcstackBANK0                  cstackBANK0  000000
__HcstackCOMRAM                 cstackCOMRAM 000000
__Hdata                         data         000000
__Heeprom_data                  eeprom_data  000000
__Hfarbss                       farbss       000000
__Hfardata                      fardata      000000
__Hibigdata                     ibigdata     000000
__Hidata                        idata        000000
__Hidloc                        idloc        200100
__Hifardata                     ifardata     000000
__Hinit                         init         000068
__Hintcode                      intcode      000064
__Hintcode_body                 intcode_body 000000
__Hintcodelo                    intcodelo    000064
__Hintentry                     intentry     000000
__Hintret                       intret       000000
__Hintsave_regs                 intsave_regs 000000
__Hirdata                       irdata       000000
__Hmediumconst                  mediumconst  000000
__HnvFARRAM                     nvFARRAM     000000
__Hnvbit                        nvbit        000000
__Hnvrram                       nvrram       000000
__Hparam                        rparam       000000
__Hpowerup                      powerup      000064
__Hram                          ram          000000
__Hramtop                       ramtop       000F00
__Hrbit                         rbit         000000
__Hrbss                         rbss         000000
__Hrdata                        rdata        000000
__Hreset_vec                    reset_vec    000004
__Hrparam                       rparam       000000
__Hsfr                          sfr          000000
__Hsmallconst                   smallconst   000F54
__Hspace_0                      (abs)        0034E8
__Hspace_1                      (abs)        0000C5
__Hspace_2                      (abs)        000000
__Hspace_4                      (abs)        60000C
__Hstack                        stack        000000
__Hstruct                       struct       000000
__Htemp                         temp         00004F
__Htext                         text         000000
__Htext0                        text0        000000
__Htext1                        text1        000000
__Htext10                       text10       000000
__Htext11                       text11       000000
__Htext12                       text12       000000
__Htext13                       text13       000000
__Htext14                       text14       000000
__Htext15                       text15       000000
__Htext16                       text16       000000
__Htext18                       text18       000000
__Htext19                       text19       000000
__Htext2                        text2        000000
__Htext20                       text20       000000
__Htext21                       text21       000000
__Htext22                       text22       000000
__Htext23                       text23       000000
__Htext24                       text24       000000
__Htext25                       text25       000000
__Htext26                       text26       000000
__Htext27                       text27       000000
__Htext3                        text3        000000
__Htext4                        text4        000000
__Htext5                        text5        000000
__Htext6                        text6        000000
__Htext7                        text7        000000
__Htext8                        text8        000000
__Htext9                        text9        000000
__LRAM                          (abs)        000001
__Labs1                         abs1         000000
__Lbank0                        bank0        000000
__Lbank1                        bank1        000000
__Lbank10                       bank10       000000
__Lbank11                       bank11       000000
__Lbank12                       bank12       000000
__Lbank13                       bank13       000000
__Lbank14                       bank14       000000
__Lbank2                        bank2        000000
__Lbank3                        bank3        000000
__Lbank4                        bank4        000000
__Lbank5                        bank5        000000
__Lbank6                        bank6        000000
__Lbank7                        bank7        000000
__Lbank8                        bank8        000000
__Lbank9                        bank9        000000
__Lbigbss                       bigbss       000000
__Lbigdata                      bigdata      000000
__Lbigram                       bigram       000000
__Lbss                          bss          000000
__LbssBANK0                     bssBANK0     000000
__LbssCOMRAM                    bssCOMRAM    000000
__Lcinit                        cinit        000000
__Lclrtext                      clrtext      000000
__Lcomram                       comram       000000
__Lconfig                       config       000000
__Lconst                        const        000000
__LcstackBANK0                  cstackBANK0  000000
__LcstackCOMRAM                 cstackCOMRAM 000000
__Ldata                         data         000000
__Leeprom_data                  eeprom_data  000000
__Lfarbss                       farbss       000000
__Lfardata                      fardata      000000
__Libigdata                     ibigdata     000000
__Lidata                        idata        000000
__Lidloc                        idloc        000000
__Lifardata                     ifardata     000000
__Linit                         init         000064
__Lintcode                      intcode      000008
__Lintcode_body                 intcode_body 000000
__Lintcodelo                    intcodelo    000064
__Lintentry                     intentry     000000
__Lintret                       intret       000000
__Lintsave_regs                 intsave_regs 000000
__Lirdata                       irdata       000000
__Lmediumconst                  mediumconst  000000
__LnvFARRAM                     nvFARRAM     000000
__Lnvbit                        nvbit        000000
__Lnvrram                       nvrram       000000
__Lparam                        rparam       000000
__Lpowerup                      powerup      000064
__Lram                          ram          000000
__Lramtop                       ramtop       000F00
__Lrbit                         rbit         000000
__Lrbss                         rbss         000000
__Lrdata                        rdata        000000
__Lreset_vec                    reset_vec    000000
__Lrparam                       rparam       000000
__Lsfr                          sfr          000000
__Lsmallconst                   smallconst   000F00
__Lspace_0                      (abs)        000000
__Lspace_1                      (abs)        000000
__Lspace_2                      (abs)        000000
__Lspace_4                      (abs)        000000
__Lstack                        stack        000000
__Lstruct                       struct       000000
__Ltemp                         temp         00004E
__Ltext                         text         000000
__Ltext0                        text0        000000
__Ltext1                        text1        000000
__Ltext10                       text10       000000
__Ltext11                       text11       000000
__Ltext12                       text12       000000
__Ltext13                       text13       000000
__Ltext14                       text14       000000
__Ltext15                       text15       000000
__Ltext16                       text16       000000
__Ltext18                       text18       000000
__Ltext19                       text19       000000
__Ltext2                        text2        000000
__Ltext20                       text20       000000
__Ltext21                       text21       000000
__Ltext22                       text22       000000
__Ltext23                       text23       000000
__Ltext24                       text24       000000
__Ltext25                       text25       000000
__Ltext26                       text26       000000
__Ltext27                       text27       000000
__Ltext3                        text3        000000
__Ltext4                        text4        000000
__Ltext5                        text5        000000
__Ltext6                        text6        000000
__Ltext7                        text7        000000
__Ltext8                        text8        000000
__Ltext9                        text9        000000
__S0                            (abs)        0034E8
__S1                            (abs)        0000C5
__S2                            (abs)        000000
__S4                            (abs)        000000
__S5                            (abs)        000000
___fladd                        text7        0017AA
___fladd@a                      cstackBANK0  0000A4
___fladd@aexp                   cstackBANK0  0000AD
___fladd@b                      cstackBANK0  0000A0
___fladd@bexp                   cstackBANK0  0000AE
___fladd@grs                    cstackBANK0  0000AF
___fladd@signs                  cstackBANK0  0000AC
___fldiv                        text6        002098
___fldiv@a                      cstackBANK0  00008B
___fldiv@aexp                   cstackBANK0  00009F
___fldiv@b                      cstackBANK0  000087
___fldiv@bexp                   cstackBANK0  00009E
___fldiv@grs                    cstackBANK0  00009A
___fldiv@new_exp                cstackBANK0  000098
___fldiv@rem                    cstackBANK0  000093
___fldiv@sign                   cstackBANK0  000097
___flmul                        text5        001C6C
___flmul@a                      cstackBANK0  000072
___flmul@aexp                   cstackBANK0  00007F
___flmul@b                      cstackBANK0  00006E
___flmul@bexp                   cstackBANK0  000080
___flmul@grs                    cstackBANK0  00007B
___flmul@prod                   cstackBANK0  000081
___flmul@sign                   cstackBANK0  00007A
___flmul@temp                   cstackBANK0  000085
___fltol                        text4        002C08
___fltol@exp1                   cstackBANK0  0000B9
___fltol@f1                     cstackBANK0  0000B0
___fltol@sign1                  cstackBANK0  0000B8
___inthi_sp                     stack        000000
___intlo_sp                     stack        000000
___lldiv                        text10       002EC0
___lldiv@counter                cstackBANK0  00006C
___lldiv@dividend               cstackBANK0  000060
___lldiv@divisor                cstackBANK0  000064
___lldiv@quotient               cstackBANK0  000068
___llmod                        text9        003098
___llmod@counter                cstackBANK0  000075
___llmod@dividend               cstackBANK0  00006D
___llmod@divisor                cstackBANK0  000071
___lmul                         text27       0032AA
___lmul@multiplicand            cstackCOMRAM 000005
___lmul@multiplier              cstackCOMRAM 000001
___lmul@product                 cstackCOMRAM 000009
___param_bank                   (abs)        000000
___rparam_used                  (abs)        000001
___sp                           stack        000000
___xxtofl                       text3        00260C
___xxtofl@arg                   cstackBANK0  00006A
___xxtofl@exp                   cstackBANK0  000069
___xxtofl@sign                  cstackBANK0  000068
___xxtofl@val                   cstackBANK0  000060
__accesstop                     (abs)        000060
__activetblptr                  (abs)        000003
__end_ofCheck_Seg@data          smallconst   000F51
__end_ofDuty_Controll@cnt_limit smallconst   000F53
__end_of_Bit_Write              text13       002E16
__end_of_Check_Seg              text12       0034B0
__end_of_Convert_data           text24       00296E
__end_of_Duty_Controll          text15       003444
__end_of_MAX6922_Write          text11       0031AC
__end_of_RTC_Read               text19       002C08
__end_of_Set_PWM_Duty           text16       0032AA
__end_of_T0_int                 text14       003402
__end_of_UART_Init              text2        002EC0
__end_of_UART_Read              text18       0034E8
__end_of_VFD_Write              text8        0017AA
__end_of___fladd                text7        001C6C
__end_of___fldiv                text6        002434
__end_of___flmul                text5        002098
__end_of___fltol                text4        002D10
__end_of___lldiv                text10       002F66
__end_of___llmod                text9        003122
__end_of___lmul                 text27       003314
__end_of___xxtofl               text3        0027C4
__end_of__initialization        cinit        0034C8
__end_of_atol                   text21       00260C
__end_of_init                   text1        003098
__end_of_isdigit                text23       00347C
__end_of_isr                    intcode      000064
__end_of_isspace                text22       003366
__end_of_main                   text0        0033B6
__end_of_memset                 text20       002AE4
__end_ofi2___lldiv              text26       00300A
__end_ofi2___llmod              text25       003234
__initialization                cinit        0034B0
__mediumconst                   mediumconst  000000
__pbssBANK0                     bssBANK0     0000BC
__pbssCOMRAM                    bssCOMRAM    00003E
__pcinit                        cinit        0034B0
__pcstackBANK0                  cstackBANK0  000060
__pcstackCOMRAM                 cstackCOMRAM 000001
__pintcode                      intcode      000008
__psmallconst                   smallconst   000F00
__ptext0                        text0        003366
__ptext1                        text1        00300A
__ptext10                       text10       002EC0
__ptext11                       text11       003122
__ptext12                       text12       00347C
__ptext13                       text13       002D10
__ptext14                       text14       0033B6
__ptext15                       text15       003402
__ptext16                       text16       003234
__ptext18                       text18       0034D2
__ptext19                       text19       002AE4
__ptext2                        text2        002E16
__ptext20                       text20       00296E
__ptext21                       text21       002434
__ptext22                       text22       003314
__ptext23                       text23       003444
__ptext24                       text24       0027C4
__ptext25                       text25       0031AC
__ptext26                       text26       002F66
__ptext27                       text27       0032AA
__ptext3                        text3        00260C
__ptext4                        text4        002C08
__ptext5                        text5        001C6C
__ptext6                        text6        002098
__ptext7                        text7        0017AA
__ptext8                        text8        000F54
__ptext9                        text9        003098
__ramtop                        ramtop       000F00
__size_of_Bit_Write             (abs)        000000
__size_of_Check_Seg             (abs)        000000
__size_of_Convert_data          (abs)        000000
__size_of_Duty_Controll         (abs)        000000
__size_of_MAX6922_Write         (abs)        000000
__size_of_RTC_Read              (abs)        000000
__size_of_Set_PWM_Duty          (abs)        000000
__size_of_T0_int                (abs)        000000
__size_of_UART_Init             (abs)        000000
__size_of_UART_Read             (abs)        000000
__size_of_VFD_Write             (abs)        000000
__size_of___fladd               (abs)        000000
__size_of___fldiv               (abs)        000000
__size_of___flmul               (abs)        000000
__size_of___fltol               (abs)        000000
__size_of___lldiv               (abs)        000000
__size_of___llmod               (abs)        000000
__size_of___lmul                (abs)        000000
__size_of___xxtofl              (abs)        000000
__size_of_atol                  (abs)        000000
__size_of_init                  (abs)        000000
__size_of_isdigit               (abs)        000000
__size_of_isr                   (abs)        000000
__size_of_isspace               (abs)        000000
__size_of_main                  (abs)        000000
__size_of_memset                (abs)        000000
__size_ofi2___lldiv             (abs)        000000
__size_ofi2___llmod             (abs)        000000
__smallconst                    smallconst   000F00
_atol                           text21       002434
_atol$778                       cstackCOMRAM 000018
_atol$779                       cstackCOMRAM 00001C
_atol$780                       cstackCOMRAM 00001A
_g_t0_f                         bssCOMRAM    000043
_g_time                         bssBANK0     0000BC
_init                           text1        00300A
_isdigit                        text23       003444
_isr                            intcode      000008
_isspace                        text22       003314
_isspace$796                    cstackCOMRAM 000007
_main                           text0        003366
_memset                         text20       00296E
atol@n                          cstackCOMRAM 00001D
atol@neg                        cstackCOMRAM 000016
atol@s                          cstackCOMRAM 00000D
btemp                           temp         00004E
end_of_initialization           cinit        0034C8
i2___lldiv                      text26       002F66
i2___lldiv@counter              cstackCOMRAM 00000D
i2___lldiv@dividend             cstackCOMRAM 000001
i2___lldiv@divisor              cstackCOMRAM 000005
i2___lldiv@quotient             cstackCOMRAM 000009
i2___llmod                      text25       0031AC
i2___llmod@counter              cstackCOMRAM 000016
i2___llmod@dividend             cstackCOMRAM 00000E
i2___llmod@divisor              cstackCOMRAM 000012
int$flags                       temp         00004E
intlevel0                       text         000000
intlevel1                       text         000000
intlevel2                       text         000000
intlevel3                       text         000000
isa$std                         (abs)        000001
isa$xinst                       (abs)        000000
isdigit@c                       cstackCOMRAM 000001
isspace@c                       cstackCOMRAM 000001
memset@c                        cstackCOMRAM 000003
memset@dest                     cstackCOMRAM 000001
memset@k                        cstackCOMRAM 000009
memset@n                        cstackCOMRAM 000005
memset@s                        cstackCOMRAM 00000B
stackhi                         (abs)        000E1E
stacklo                         (abs)        0000C5
start                           init         000064
start_initialization            cinit        0034B0
ttemp5                          temp         00004F
ttemp6                          temp         000052
ttemp7                          temp         000056
wtemp8                          temp         00004F


MODULE INFORMATION

Module		Function		Class		Link	Load	Size
C:\Program Files\Microchip\xc8\v2.32\pic\sources\c99\common\memset.c
		_memset        		CODE           	296E	0000	374

C:\Program Files\Microchip\xc8\v2.32\pic\sources\c99\common\memset.c estimated size: 374

C:\Program Files\Microchip\xc8\v2.32\pic\sources\c99\common\isdigit.c
		_isdigit       		CODE           	3444	0000	56

C:\Program Files\Microchip\xc8\v2.32\pic\sources\c99\common\isdigit.c estimated size: 56

C:\Program Files\Microchip\xc8\v2.32\pic\sources\c99\common\sprcadd.c
		___fladd       		CODE           	17AA	0000	1218

C:\Program Files\Microchip\xc8\v2.32\pic\sources\c99\common\sprcadd.c estimated size: 1218

library/UART/UART.c
		_UART_Read     		CODE           	34D2	0000	22
		_UART_Init     		CODE           	2E16	0000	170

library/UART/UART.c estimated size: 192

C:\Program Files\Microchip\xc8\v2.32\pic\sources\c99\common\llmod.c
		___llmod       		CODE           	3098	0000	138

C:\Program Files\Microchip\xc8\v2.32\pic\sources\c99\common\llmod.c estimated size: 138

C:\Program Files\Microchip\xc8\v2.32\pic\sources\c99\common\isspace.c
		_isspace       		CODE           	3314	0000	82

C:\Program Files\Microchip\xc8\v2.32\pic\sources\c99\common\isspace.c estimated size: 82

shared
		Check_Seg@data 		SMALLCONST     	0F01	0000	80
		i2___lldiv     		CODE           	2F66	0000	164
		__initialization		CODE           	34B0	0000	24
		i2___llmod     		CODE           	31AC	0000	136
		Duty_Controll@cnt_limit		SMALLCONST     	0000	0000	0

shared estimated size: 404

C:\Program Files\Microchip\xc8\v2.32\pic\sources\c99\common\sprcmul.c
		___flmul       		CODE           	1C6C	0000	1068

C:\Program Files\Microchip\xc8\v2.32\pic\sources\c99\common\sprcmul.c estimated size: 1068

C:\Program Files\Microchip\xc8\v2.32\pic\sources\c99\common\sprcdiv.c
		___fldiv       		CODE           	2098	0000	924

C:\Program Files\Microchip\xc8\v2.32\pic\sources\c99\common\sprcdiv.c estimated size: 924

C:\Program Files\Microchip\xc8\v2.32\pic\sources\c99\common\Umul32.c
		___lmul        		CODE           	32AA	0000	106

C:\Program Files\Microchip\xc8\v2.32\pic\sources\c99\common\Umul32.c estimated size: 106

C:\Program Files\Microchip\xc8\v2.32\pic\sources\c99\common\fltol.c
		___fltol       		CODE           	2C08	0000	264

C:\Program Files\Microchip\xc8\v2.32\pic\sources\c99\common\fltol.c estimated size: 264

C:\Program Files\Microchip\xc8\v2.32\pic\sources\c99\common\atol.c
		_atol          		CODE           	2434	0000	472

C:\Program Files\Microchip\xc8\v2.32\pic\sources\c99\common\atol.c estimated size: 472

C:\Program Files\Microchip\xc8\v2.32\pic\sources\c99\common\xxtofl.c
		___xxtofl      		CODE           	260C	0000	440

C:\Program Files\Microchip\xc8\v2.32\pic\sources\c99\common\xxtofl.c estimated size: 440

C:\Program Files\Microchip\xc8\v2.32\pic\sources\c99\common\__lldiv.c
		___lldiv       		CODE           	2EC0	0000	166

C:\Program Files\Microchip\xc8\v2.32\pic\sources\c99\common\__lldiv.c estimated size: 166

main.c
		_VFD_Write     		CODE           	0F54	0000	2134
		_Set_PWM_Duty  		CODE           	3234	0000	118
		_init          		CODE           	300A	0000	142
		_Check_Seg     		CODE           	347C	0000	52
		_MAX6922_Write 		CODE           	3122	0000	138
		_main          		CODE           	3366	0000	80
		_RTC_Read      		CODE           	2AE4	0000	292
		_Convert_data  		CODE           	27C4	0000	426
		_isr           		CODE           	0008	0000	92
		_Duty_Controll 		CODE           	3402	0000	66
		_Bit_Write     		CODE           	2D10	0000	262
		_T0_int        		CODE           	33B6	0000	76

main.c estimated size: 3878

